ARM Linker, 5.03 [Build 76] [MDK-ARM Lite]

==============================================================================

Section Cross References

    port.o(.emb_text) refers to tasks.o(.text) for vTaskSwitchContext
    port.o(.emb_text) refers to tasks.o(.data) for pxCurrentTCB
    port.o(.text) refers to port.o(.emb_text) for vPortStartFirstTask
    port.o(.text) refers to tasks.o(.text) for vTaskIncrementTick
    port.o(.text) refers to port.o(.data) for uxCriticalNesting
    queue.o(.text) refers to heap_2.o(.text) for pvPortMalloc
    queue.o(.text) refers to list.o(.text) for vListInitialise
    queue.o(.text) refers to port.o(.text) for vPortEnterCritical
    queue.o(.text) refers to tasks.o(.text) for xTaskRemoveFromEventList
    queue.o(.text) refers to memcpya.o(.text) for __aeabi_memcpy
    queue.o(.text) refers to port.o(.emb_text) for vPortSetInterruptMask
    tasks.o(.text) refers to list.o(.text) for vListInitialise
    tasks.o(.text) refers to strncpy.o(.text) for strncpy
    tasks.o(.text) refers to heap_2.o(.text) for pvPortMalloc
    tasks.o(.text) refers to memseta.o(.text) for __aeabi_memset
    tasks.o(.text) refers to port.o(.text) for pxPortInitialiseStack
    tasks.o(.text) refers to main.o(.text) for vApplicationTickHook
    tasks.o(.text) refers to tasks.o(.bss) for pxReadyTasksLists
    tasks.o(.text) refers to tasks.o(.data) for pxDelayedTaskList
    tasks.o(.text) refers to port.o(.emb_text) for vPortSetInterruptMask
    heap_2.o(.text) refers to tasks.o(.text) for vTaskSuspendAll
    heap_2.o(.text) refers to heap_2.o(.data) for xHeapHasBeenInitialised
    heap_2.o(.text) refers to heap_2.o(.bss) for xHeap
    main.o(.text) refers to cdcmple.o(.text) for __aeabi_cdcmple
    main.o(.text) refers to qsort.o(.text) for qsort
    main.o(.text) refers to printfa.o(i.__0printf) for __2printf
    main.o(.text) refers to ddiv.o(.text) for __aeabi_ddiv
    main.o(.text) refers to dadd.o(.text) for __aeabi_dadd
    main.o(.text) refers to malloc.o(i.malloc) for malloc
    main.o(.text) refers to memcpya.o(.text) for __aeabi_memcpy4
    main.o(.text) refers to malloc.o(i.free) for free
    main.o(.text) refers to dflti.o(.text) for __aeabi_i2d
    main.o(.text) refers to cdrcmple.o(.text) for __aeabi_cdrcmple
    main.o(.text) refers to dfixi.o(.text) for __aeabi_d2iz
    main.o(.text) refers to tasks.o(.text) for vTaskSuspendAll
    main.o(.text) refers to main.o(.data) for currTasks
    main.o(.text) refers to rand.o(.text) for srand
    main.o(.text) refers to main.o(.constdata) for .constdata
    main.o(.data) refers to main.o(.conststring) for .conststring
    basic_io.o(.text) refers to tasks.o(.text) for vTaskSuspendAll
    basic_io.o(.text) refers to printfa.o(i.__0printf) for __2printf
    startup_mps_cm3.o(RESET) refers to startup_mps_cm3.o(STACK) for __initial_sp
    startup_mps_cm3.o(RESET) refers to startup_mps_cm3.o(.text) for Reset_Handler
    startup_mps_cm3.o(RESET) refers to port.o(.emb_text) for vPortSVCHandler
    startup_mps_cm3.o(RESET) refers to port.o(.text) for xPortSysTickHandler
    startup_mps_cm3.o(.text) refers to entry.o(.ARM.Collect$$$$00000000) for __main
    entry.o(.ARM.Collect$$$$00000000) refers (Special) to entry10a.o(.ARM.Collect$$$$0000000D) for __rt_final_cpp
    entry.o(.ARM.Collect$$$$00000000) refers (Special) to entry11a.o(.ARM.Collect$$$$0000000F) for __rt_final_exit
    entry.o(.ARM.Collect$$$$00000000) refers (Special) to entry7b.o(.ARM.Collect$$$$00000008) for _main_clock
    entry.o(.ARM.Collect$$$$00000000) refers (Special) to entry8b.o(.ARM.Collect$$$$0000000A) for _main_cpp_init
    entry.o(.ARM.Collect$$$$00000000) refers (Special) to entry9a.o(.ARM.Collect$$$$0000000B) for _main_init
    entry.o(.ARM.Collect$$$$00000000) refers (Special) to entry5.o(.ARM.Collect$$$$00000004) for _main_scatterload
    entry.o(.ARM.Collect$$$$00000000) refers (Special) to entry2.o(.ARM.Collect$$$$00000001) for _main_stk
    rand.o(.text) refers to rand.o(.data) for .data
    printfb.o(i.__0fprintf$bare) refers to printfb.o(i._printf_core) for _printf_core
    printfb.o(i.__0fprintf$bare) refers to basic_io.o(.text) for fputc
    printfb.o(i.__0printf$bare) refers to printfb.o(i._printf_core) for _printf_core
    printfb.o(i.__0printf$bare) refers to basic_io.o(.text) for fputc
    printfb.o(i.__0printf$bare) refers to stdout.o(.data) for __stdout
    printfb.o(i.__0snprintf$bare) refers to printfb.o(i._printf_core) for _printf_core
    printfb.o(i.__0snprintf$bare) refers to printfb.o(i._snputc) for _snputc
    printfb.o(i.__0sprintf$bare) refers to printfb.o(i._printf_core) for _printf_core
    printfb.o(i.__0sprintf$bare) refers to printfb.o(i._sputc) for _sputc
    printfb.o(i.__0vfprintf$bare) refers to printfb.o(i._printf_core) for _printf_core
    printfb.o(i.__0vfprintf$bare) refers to basic_io.o(.text) for fputc
    printfb.o(i.__0vprintf$bare) refers to printfb.o(i._printf_core) for _printf_core
    printfb.o(i.__0vprintf$bare) refers to basic_io.o(.text) for fputc
    printfb.o(i.__0vprintf$bare) refers to stdout.o(.data) for __stdout
    printfb.o(i.__0vsnprintf$bare) refers to printfb.o(i._printf_core) for _printf_core
    printfb.o(i.__0vsnprintf$bare) refers to printfb.o(i._snputc) for _snputc
    printfb.o(i.__0vsprintf$bare) refers to printfb.o(i._printf_core) for _printf_core
    printfb.o(i.__0vsprintf$bare) refers to printfb.o(i._sputc) for _sputc
    printf0.o(i.__0fprintf$0) refers to printf0.o(i._printf_core) for _printf_core
    printf0.o(i.__0fprintf$0) refers to basic_io.o(.text) for fputc
    printf0.o(i.__0printf$0) refers to printf0.o(i._printf_core) for _printf_core
    printf0.o(i.__0printf$0) refers to basic_io.o(.text) for fputc
    printf0.o(i.__0printf$0) refers to stdout.o(.data) for __stdout
    printf0.o(i.__0snprintf$0) refers to printf0.o(i._printf_core) for _printf_core
    printf0.o(i.__0snprintf$0) refers to printf0.o(i._snputc) for _snputc
    printf0.o(i.__0sprintf$0) refers to printf0.o(i._printf_core) for _printf_core
    printf0.o(i.__0sprintf$0) refers to printf0.o(i._sputc) for _sputc
    printf0.o(i.__0vfprintf$0) refers to printf0.o(i._printf_core) for _printf_core
    printf0.o(i.__0vfprintf$0) refers to basic_io.o(.text) for fputc
    printf0.o(i.__0vprintf$0) refers to printf0.o(i._printf_core) for _printf_core
    printf0.o(i.__0vprintf$0) refers to basic_io.o(.text) for fputc
    printf0.o(i.__0vprintf$0) refers to stdout.o(.data) for __stdout
    printf0.o(i.__0vsnprintf$0) refers to printf0.o(i._printf_core) for _printf_core
    printf0.o(i.__0vsnprintf$0) refers to printf0.o(i._snputc) for _snputc
    printf0.o(i.__0vsprintf$0) refers to printf0.o(i._printf_core) for _printf_core
    printf0.o(i.__0vsprintf$0) refers to printf0.o(i._sputc) for _sputc
    printf1.o(i.__0fprintf$1) refers to printf1.o(i._printf_core) for _printf_core
    printf1.o(i.__0fprintf$1) refers to basic_io.o(.text) for fputc
    printf1.o(i.__0printf$1) refers to printf1.o(i._printf_core) for _printf_core
    printf1.o(i.__0printf$1) refers to basic_io.o(.text) for fputc
    printf1.o(i.__0printf$1) refers to stdout.o(.data) for __stdout
    printf1.o(i.__0snprintf$1) refers to printf1.o(i._printf_core) for _printf_core
    printf1.o(i.__0snprintf$1) refers to printf1.o(i._snputc) for _snputc
    printf1.o(i.__0sprintf$1) refers to printf1.o(i._printf_core) for _printf_core
    printf1.o(i.__0sprintf$1) refers to printf1.o(i._sputc) for _sputc
    printf1.o(i.__0vfprintf$1) refers to printf1.o(i._printf_core) for _printf_core
    printf1.o(i.__0vfprintf$1) refers to basic_io.o(.text) for fputc
    printf1.o(i.__0vprintf$1) refers to printf1.o(i._printf_core) for _printf_core
    printf1.o(i.__0vprintf$1) refers to basic_io.o(.text) for fputc
    printf1.o(i.__0vprintf$1) refers to stdout.o(.data) for __stdout
    printf1.o(i.__0vsnprintf$1) refers to printf1.o(i._printf_core) for _printf_core
    printf1.o(i.__0vsnprintf$1) refers to printf1.o(i._snputc) for _snputc
    printf1.o(i.__0vsprintf$1) refers to printf1.o(i._printf_core) for _printf_core
    printf1.o(i.__0vsprintf$1) refers to printf1.o(i._sputc) for _sputc
    printf1.o(i._printf_core) refers to uidiv.o(.text) for __aeabi_uidivmod
    printf2.o(i.__0fprintf$2) refers to printf2.o(i._printf_core) for _printf_core
    printf2.o(i.__0fprintf$2) refers to basic_io.o(.text) for fputc
    printf2.o(i.__0printf$2) refers to printf2.o(i._printf_core) for _printf_core
    printf2.o(i.__0printf$2) refers to basic_io.o(.text) for fputc
    printf2.o(i.__0printf$2) refers to stdout.o(.data) for __stdout
    printf2.o(i.__0snprintf$2) refers to printf2.o(i._printf_core) for _printf_core
    printf2.o(i.__0snprintf$2) refers to printf2.o(i._snputc) for _snputc
    printf2.o(i.__0sprintf$2) refers to printf2.o(i._printf_core) for _printf_core
    printf2.o(i.__0sprintf$2) refers to printf2.o(i._sputc) for _sputc
    printf2.o(i.__0vfprintf$2) refers to printf2.o(i._printf_core) for _printf_core
    printf2.o(i.__0vfprintf$2) refers to basic_io.o(.text) for fputc
    printf2.o(i.__0vprintf$2) refers to printf2.o(i._printf_core) for _printf_core
    printf2.o(i.__0vprintf$2) refers to basic_io.o(.text) for fputc
    printf2.o(i.__0vprintf$2) refers to stdout.o(.data) for __stdout
    printf2.o(i.__0vsnprintf$2) refers to printf2.o(i._printf_core) for _printf_core
    printf2.o(i.__0vsnprintf$2) refers to printf2.o(i._snputc) for _snputc
    printf2.o(i.__0vsprintf$2) refers to printf2.o(i._printf_core) for _printf_core
    printf2.o(i.__0vsprintf$2) refers to printf2.o(i._sputc) for _sputc
    printf3.o(i.__0fprintf$3) refers to printf3.o(i._printf_core) for _printf_core
    printf3.o(i.__0fprintf$3) refers to basic_io.o(.text) for fputc
    printf3.o(i.__0printf$3) refers to printf3.o(i._printf_core) for _printf_core
    printf3.o(i.__0printf$3) refers to basic_io.o(.text) for fputc
    printf3.o(i.__0printf$3) refers to stdout.o(.data) for __stdout
    printf3.o(i.__0snprintf$3) refers to printf3.o(i._printf_core) for _printf_core
    printf3.o(i.__0snprintf$3) refers to printf3.o(i._snputc) for _snputc
    printf3.o(i.__0sprintf$3) refers to printf3.o(i._printf_core) for _printf_core
    printf3.o(i.__0sprintf$3) refers to printf3.o(i._sputc) for _sputc
    printf3.o(i.__0vfprintf$3) refers to printf3.o(i._printf_core) for _printf_core
    printf3.o(i.__0vfprintf$3) refers to basic_io.o(.text) for fputc
    printf3.o(i.__0vprintf$3) refers to printf3.o(i._printf_core) for _printf_core
    printf3.o(i.__0vprintf$3) refers to basic_io.o(.text) for fputc
    printf3.o(i.__0vprintf$3) refers to stdout.o(.data) for __stdout
    printf3.o(i.__0vsnprintf$3) refers to printf3.o(i._printf_core) for _printf_core
    printf3.o(i.__0vsnprintf$3) refers to printf3.o(i._snputc) for _snputc
    printf3.o(i.__0vsprintf$3) refers to printf3.o(i._printf_core) for _printf_core
    printf3.o(i.__0vsprintf$3) refers to printf3.o(i._sputc) for _sputc
    printf3.o(i._printf_core) refers to uidiv.o(.text) for __aeabi_uidivmod
    printf4.o(i.__0fprintf$4) refers to printf4.o(i._printf_core) for _printf_core
    printf4.o(i.__0fprintf$4) refers to basic_io.o(.text) for fputc
    printf4.o(i.__0printf$4) refers to printf4.o(i._printf_core) for _printf_core
    printf4.o(i.__0printf$4) refers to basic_io.o(.text) for fputc
    printf4.o(i.__0printf$4) refers to stdout.o(.data) for __stdout
    printf4.o(i.__0snprintf$4) refers to printf4.o(i._printf_core) for _printf_core
    printf4.o(i.__0snprintf$4) refers to printf4.o(i._snputc) for _snputc
    printf4.o(i.__0sprintf$4) refers to printf4.o(i._printf_core) for _printf_core
    printf4.o(i.__0sprintf$4) refers to printf4.o(i._sputc) for _sputc
    printf4.o(i.__0vfprintf$4) refers to printf4.o(i._printf_core) for _printf_core
    printf4.o(i.__0vfprintf$4) refers to basic_io.o(.text) for fputc
    printf4.o(i.__0vprintf$4) refers to printf4.o(i._printf_core) for _printf_core
    printf4.o(i.__0vprintf$4) refers to basic_io.o(.text) for fputc
    printf4.o(i.__0vprintf$4) refers to stdout.o(.data) for __stdout
    printf4.o(i.__0vsnprintf$4) refers to printf4.o(i._printf_core) for _printf_core
    printf4.o(i.__0vsnprintf$4) refers to printf4.o(i._snputc) for _snputc
    printf4.o(i.__0vsprintf$4) refers to printf4.o(i._printf_core) for _printf_core
    printf4.o(i.__0vsprintf$4) refers to printf4.o(i._sputc) for _sputc
    printf4.o(i._printf_core) refers to uldiv.o(.text) for __aeabi_uldivmod
    printf5.o(i.__0fprintf$5) refers to printf5.o(i._printf_core) for _printf_core
    printf5.o(i.__0fprintf$5) refers to basic_io.o(.text) for fputc
    printf5.o(i.__0printf$5) refers to printf5.o(i._printf_core) for _printf_core
    printf5.o(i.__0printf$5) refers to basic_io.o(.text) for fputc
    printf5.o(i.__0printf$5) refers to stdout.o(.data) for __stdout
    printf5.o(i.__0snprintf$5) refers to printf5.o(i._printf_core) for _printf_core
    printf5.o(i.__0snprintf$5) refers to printf5.o(i._snputc) for _snputc
    printf5.o(i.__0sprintf$5) refers to printf5.o(i._printf_core) for _printf_core
    printf5.o(i.__0sprintf$5) refers to printf5.o(i._sputc) for _sputc
    printf5.o(i.__0vfprintf$5) refers to printf5.o(i._printf_core) for _printf_core
    printf5.o(i.__0vfprintf$5) refers to basic_io.o(.text) for fputc
    printf5.o(i.__0vprintf$5) refers to printf5.o(i._printf_core) for _printf_core
    printf5.o(i.__0vprintf$5) refers to basic_io.o(.text) for fputc
    printf5.o(i.__0vprintf$5) refers to stdout.o(.data) for __stdout
    printf5.o(i.__0vsnprintf$5) refers to printf5.o(i._printf_core) for _printf_core
    printf5.o(i.__0vsnprintf$5) refers to printf5.o(i._snputc) for _snputc
    printf5.o(i.__0vsprintf$5) refers to printf5.o(i._printf_core) for _printf_core
    printf5.o(i.__0vsprintf$5) refers to printf5.o(i._sputc) for _sputc
    printf5.o(i._printf_core) refers to uldiv.o(.text) for __aeabi_uldivmod
    printf6.o(i.__0fprintf$6) refers to printf6.o(i._printf_core) for _printf_core
    printf6.o(i.__0fprintf$6) refers to basic_io.o(.text) for fputc
    printf6.o(i.__0printf$6) refers to printf6.o(i._printf_core) for _printf_core
    printf6.o(i.__0printf$6) refers to basic_io.o(.text) for fputc
    printf6.o(i.__0printf$6) refers to stdout.o(.data) for __stdout
    printf6.o(i.__0snprintf$6) refers to printf6.o(i._printf_core) for _printf_core
    printf6.o(i.__0snprintf$6) refers to printf6.o(i._snputc) for _snputc
    printf6.o(i.__0sprintf$6) refers to printf6.o(i._printf_core) for _printf_core
    printf6.o(i.__0sprintf$6) refers to printf6.o(i._sputc) for _sputc
    printf6.o(i.__0vfprintf$6) refers to printf6.o(i._printf_core) for _printf_core
    printf6.o(i.__0vfprintf$6) refers to basic_io.o(.text) for fputc
    printf6.o(i.__0vprintf$6) refers to printf6.o(i._printf_core) for _printf_core
    printf6.o(i.__0vprintf$6) refers to basic_io.o(.text) for fputc
    printf6.o(i.__0vprintf$6) refers to stdout.o(.data) for __stdout
    printf6.o(i.__0vsnprintf$6) refers to printf6.o(i._printf_core) for _printf_core
    printf6.o(i.__0vsnprintf$6) refers to printf6.o(i._snputc) for _snputc
    printf6.o(i.__0vsprintf$6) refers to printf6.o(i._printf_core) for _printf_core
    printf6.o(i.__0vsprintf$6) refers to printf6.o(i._sputc) for _sputc
    printf6.o(i._printf_core) refers to printf6.o(i._printf_pre_padding) for _printf_pre_padding
    printf6.o(i._printf_core) refers to uidiv.o(.text) for __aeabi_uidivmod
    printf6.o(i._printf_core) refers to printf6.o(i._printf_post_padding) for _printf_post_padding
    printf7.o(i.__0fprintf$7) refers to printf7.o(i._printf_core) for _printf_core
    printf7.o(i.__0fprintf$7) refers to basic_io.o(.text) for fputc
    printf7.o(i.__0printf$7) refers to printf7.o(i._printf_core) for _printf_core
    printf7.o(i.__0printf$7) refers to basic_io.o(.text) for fputc
    printf7.o(i.__0printf$7) refers to stdout.o(.data) for __stdout
    printf7.o(i.__0snprintf$7) refers to printf7.o(i._printf_core) for _printf_core
    printf7.o(i.__0snprintf$7) refers to printf7.o(i._snputc) for _snputc
    printf7.o(i.__0sprintf$7) refers to printf7.o(i._printf_core) for _printf_core
    printf7.o(i.__0sprintf$7) refers to printf7.o(i._sputc) for _sputc
    printf7.o(i.__0vfprintf$7) refers to printf7.o(i._printf_core) for _printf_core
    printf7.o(i.__0vfprintf$7) refers to basic_io.o(.text) for fputc
    printf7.o(i.__0vprintf$7) refers to printf7.o(i._printf_core) for _printf_core
    printf7.o(i.__0vprintf$7) refers to basic_io.o(.text) for fputc
    printf7.o(i.__0vprintf$7) refers to stdout.o(.data) for __stdout
    printf7.o(i.__0vsnprintf$7) refers to printf7.o(i._printf_core) for _printf_core
    printf7.o(i.__0vsnprintf$7) refers to printf7.o(i._snputc) for _snputc
    printf7.o(i.__0vsprintf$7) refers to printf7.o(i._printf_core) for _printf_core
    printf7.o(i.__0vsprintf$7) refers to printf7.o(i._sputc) for _sputc
    printf7.o(i._printf_core) refers to printf7.o(i._printf_pre_padding) for _printf_pre_padding
    printf7.o(i._printf_core) refers to uldiv.o(.text) for __aeabi_uldivmod
    printf7.o(i._printf_core) refers to printf7.o(i._printf_post_padding) for _printf_post_padding
    printf8.o(i.__0fprintf$8) refers to printf8.o(i._printf_core) for _printf_core
    printf8.o(i.__0fprintf$8) refers to basic_io.o(.text) for fputc
    printf8.o(i.__0printf$8) refers to printf8.o(i._printf_core) for _printf_core
    printf8.o(i.__0printf$8) refers to basic_io.o(.text) for fputc
    printf8.o(i.__0printf$8) refers to stdout.o(.data) for __stdout
    printf8.o(i.__0snprintf$8) refers to printf8.o(i._printf_core) for _printf_core
    printf8.o(i.__0snprintf$8) refers to printf8.o(i._snputc) for _snputc
    printf8.o(i.__0sprintf$8) refers to printf8.o(i._printf_core) for _printf_core
    printf8.o(i.__0sprintf$8) refers to printf8.o(i._sputc) for _sputc
    printf8.o(i.__0vfprintf$8) refers to printf8.o(i._printf_core) for _printf_core
    printf8.o(i.__0vfprintf$8) refers to basic_io.o(.text) for fputc
    printf8.o(i.__0vprintf$8) refers to printf8.o(i._printf_core) for _printf_core
    printf8.o(i.__0vprintf$8) refers to basic_io.o(.text) for fputc
    printf8.o(i.__0vprintf$8) refers to stdout.o(.data) for __stdout
    printf8.o(i.__0vsnprintf$8) refers to printf8.o(i._printf_core) for _printf_core
    printf8.o(i.__0vsnprintf$8) refers to printf8.o(i._snputc) for _snputc
    printf8.o(i.__0vsprintf$8) refers to printf8.o(i._printf_core) for _printf_core
    printf8.o(i.__0vsprintf$8) refers to printf8.o(i._sputc) for _sputc
    printf8.o(i._printf_core) refers to printf8.o(i._printf_pre_padding) for _printf_pre_padding
    printf8.o(i._printf_core) refers to uldiv.o(.text) for __aeabi_uldivmod
    printf8.o(i._printf_core) refers to printf8.o(i._printf_post_padding) for _printf_post_padding
    printfa.o(i.__0fprintf) refers (Special) to iusefp.o(.text) for __I$use$fp
    printfa.o(i.__0fprintf) refers to printfa.o(i._printf_core) for _printf_core
    printfa.o(i.__0fprintf) refers to basic_io.o(.text) for fputc
    printfa.o(i.__0printf) refers (Special) to iusefp.o(.text) for __I$use$fp
    printfa.o(i.__0printf) refers to printfa.o(i._printf_core) for _printf_core
    printfa.o(i.__0printf) refers to basic_io.o(.text) for fputc
    printfa.o(i.__0printf) refers to stdout.o(.data) for __stdout
    printfa.o(i.__0snprintf) refers (Special) to iusefp.o(.text) for __I$use$fp
    printfa.o(i.__0snprintf) refers to printfa.o(i._printf_core) for _printf_core
    printfa.o(i.__0snprintf) refers to printfa.o(i._snputc) for _snputc
    printfa.o(i.__0sprintf) refers (Special) to iusefp.o(.text) for __I$use$fp
    printfa.o(i.__0sprintf) refers to printfa.o(i._printf_core) for _printf_core
    printfa.o(i.__0sprintf) refers to printfa.o(i._sputc) for _sputc
    printfa.o(i.__0vfprintf) refers (Special) to iusefp.o(.text) for __I$use$fp
    printfa.o(i.__0vfprintf) refers to printfa.o(i._printf_core) for _printf_core
    printfa.o(i.__0vfprintf) refers to basic_io.o(.text) for fputc
    printfa.o(i.__0vprintf) refers (Special) to iusefp.o(.text) for __I$use$fp
    printfa.o(i.__0vprintf) refers to printfa.o(i._printf_core) for _printf_core
    printfa.o(i.__0vprintf) refers to basic_io.o(.text) for fputc
    printfa.o(i.__0vprintf) refers to stdout.o(.data) for __stdout
    printfa.o(i.__0vsnprintf) refers (Special) to iusefp.o(.text) for __I$use$fp
    printfa.o(i.__0vsnprintf) refers to printfa.o(i._printf_core) for _printf_core
    printfa.o(i.__0vsnprintf) refers to printfa.o(i._snputc) for _snputc
    printfa.o(i.__0vsprintf) refers (Special) to iusefp.o(.text) for __I$use$fp
    printfa.o(i.__0vsprintf) refers to printfa.o(i._printf_core) for _printf_core
    printfa.o(i.__0vsprintf) refers to printfa.o(i._sputc) for _sputc
    printfa.o(i._fp_digits) refers (Special) to iusefp.o(.text) for __I$use$fp
    printfa.o(i._fp_digits) refers to dmul.o(.text) for __aeabi_dmul
    printfa.o(i._fp_digits) refers to ddiv.o(.text) for __aeabi_ddiv
    printfa.o(i._fp_digits) refers to cdrcmple.o(.text) for __aeabi_cdrcmple
    printfa.o(i._fp_digits) refers to dadd.o(.text) for __aeabi_dadd
    printfa.o(i._fp_digits) refers to dfixul.o(.text) for __aeabi_d2ulz
    printfa.o(i._fp_digits) refers to uldiv.o(.text) for __aeabi_uldivmod
    printfa.o(i._printf_core) refers (Special) to iusefp.o(.text) for __I$use$fp
    printfa.o(i._printf_core) refers to printfa.o(i._printf_pre_padding) for _printf_pre_padding
    printfa.o(i._printf_core) refers to uldiv.o(.text) for __aeabi_uldivmod
    printfa.o(i._printf_core) refers to printfa.o(i._printf_post_padding) for _printf_post_padding
    printfa.o(i._printf_core) refers to printfa.o(i._fp_digits) for _fp_digits
    printfa.o(i._printf_core) refers to uidiv.o(.text) for __aeabi_uidivmod
    printfa.o(i._printf_post_padding) refers (Special) to iusefp.o(.text) for __I$use$fp
    printfa.o(i._printf_pre_padding) refers (Special) to iusefp.o(.text) for __I$use$fp
    printfa.o(i._snputc) refers (Special) to iusefp.o(.text) for __I$use$fp
    printfa.o(i._sputc) refers (Special) to iusefp.o(.text) for __I$use$fp
    malloc.o(i.free) refers to mvars.o(.data) for __microlib_freelist
    malloc.o(i.malloc) refers to mvars.o(.data) for __microlib_freelist_initialised
    malloc.o(i.malloc) refers to mvars.o(.data) for __microlib_freelist
    malloc.o(i.malloc) refers to startup_mps_cm3.o(HEAP) for __heap_base
    mallocr.o(i.__free$realloc) refers to mvars.o(.data) for __microlib_freelist
    mallocr.o(i.__malloc$realloc) refers to mallocr.o(i.internal_alloc) for internal_alloc
    mallocr.o(i.__malloc$realloc) refers to mvars.o(.data) for __microlib_freelist_initialised
    mallocr.o(i.__malloc$realloc) refers to startup_mps_cm3.o(HEAP) for __heap_base
    mallocr.o(i.__malloc$realloc) refers to mvars.o(.data) for __microlib_freelist
    mallocr.o(i.internal_alloc) refers to memcpya.o(.text) for __aeabi_memcpy
    mallocr.o(i.internal_alloc) refers to mvars.o(.data) for __microlib_freelist
    mallocr.o(i.realloc) refers to mallocr.o(i.__free$realloc) for __free$realloc
    mallocr.o(i.realloc) refers to mallocr.o(i.internal_alloc) for internal_alloc
    mallocr.o(i.realloc) refers to mallocr.o(i.__malloc$realloc) for __malloc$realloc
    mallocr.o(i.realloc) refers to mvars.o(.data) for __microlib_freelist
    malloca.o(i.__aligned_malloc) refers to mvars.o(.data) for __microlib_freelist_initialised
    malloca.o(i.__aligned_malloc) refers to mvars.o(.data) for __microlib_freelist
    malloca.o(i.__aligned_malloc) refers to startup_mps_cm3.o(HEAP) for __heap_base
    malloca.o(i.__free$memalign) refers to mvars.o(.data) for __microlib_freelist
    malloca.o(i.__malloc$memalign) refers to malloca.o(i.__aligned_malloc) for __aligned_malloc
    mallocra.o(i.__aligned_malloc$realloc) refers to mallocra.o(i.internal_alloc) for internal_alloc
    mallocra.o(i.__aligned_malloc$realloc) refers to mvars.o(.data) for __microlib_freelist_initialised
    mallocra.o(i.__aligned_malloc$realloc) refers to startup_mps_cm3.o(HEAP) for __heap_base
    mallocra.o(i.__aligned_malloc$realloc) refers to mvars.o(.data) for __microlib_freelist
    mallocra.o(i.__free$realloc$memalign) refers to mvars.o(.data) for __microlib_freelist
    mallocra.o(i.__malloc$realloc$memalign) refers to mallocra.o(i.__aligned_malloc$realloc) for __aligned_malloc$realloc
    mallocra.o(i.__realloc$memalign) refers to mallocra.o(i.__free$realloc$memalign) for __free$realloc$memalign
    mallocra.o(i.__realloc$memalign) refers to mallocra.o(i.internal_alloc) for internal_alloc
    mallocra.o(i.__realloc$memalign) refers to mallocra.o(i.__malloc$realloc$memalign) for __malloc$realloc$memalign
    mallocra.o(i.__realloc$memalign) refers to mvars.o(.data) for __microlib_freelist
    mallocra.o(i.internal_alloc) refers to memcpya.o(.text) for __aeabi_memcpy
    mallocra.o(i.internal_alloc) refers to mvars.o(.data) for __microlib_freelist
    dadd.o(.text) refers (Special) to iusefp.o(.text) for __I$use$fp
    dadd.o(.text) refers to llshl.o(.text) for __aeabi_llsl
    dadd.o(.text) refers to llsshr.o(.text) for __aeabi_lasr
    dadd.o(.text) refers to depilogue.o(.text) for _double_epilogue
    ddiv.o(.text) refers (Special) to iusefp.o(.text) for __I$use$fp
    ddiv.o(.text) refers to depilogue.o(.text) for _double_round
    dflti.o(.text) refers (Special) to iusefp.o(.text) for __I$use$fp
    dflti.o(.text) refers to depilogue.o(.text) for _double_epilogue
    dfixi.o(.text) refers (Special) to iusefp.o(.text) for __I$use$fp
    dfixi.o(.text) refers to llushr.o(.text) for __aeabi_llsr
    cdcmple.o(.text) refers (Special) to iusefp.o(.text) for __I$use$fp
    cdrcmple.o(.text) refers (Special) to iusefp.o(.text) for __I$use$fp
    entry2.o(.ARM.Collect$$$$00000001) refers to entry2.o(.ARM.Collect$$$$00002712) for __lit__00000000
    entry2.o(.ARM.Collect$$$$00002712) refers to startup_mps_cm3.o(STACK) for __initial_sp
    entry2.o(__vectab_stack_and_reset_area) refers to startup_mps_cm3.o(STACK) for __initial_sp
    entry2.o(__vectab_stack_and_reset_area) refers to entry.o(.ARM.Collect$$$$00000000) for __main
    entry5.o(.ARM.Collect$$$$00000004) refers to init.o(.text) for __scatterload
    entry9a.o(.ARM.Collect$$$$0000000B) refers to main.o(.text) for main
    entry9b.o(.ARM.Collect$$$$0000000C) refers to main.o(.text) for main
    uldiv.o(.text) refers to llushr.o(.text) for __aeabi_llsr
    uldiv.o(.text) refers to llshl.o(.text) for __aeabi_llsl
    depilogue.o(.text) refers to llshl.o(.text) for __aeabi_llsl
    depilogue.o(.text) refers to llushr.o(.text) for __aeabi_llsr
    dmul.o(.text) refers to depilogue.o(.text) for _double_epilogue
    dfixul.o(.text) refers to llushr.o(.text) for __aeabi_llsr
    dfixul.o(.text) refers to llshl.o(.text) for __aeabi_llsl
    init.o(.text) refers to entry5.o(.ARM.Collect$$$$00000004) for __main_after_scatterload


==============================================================================

Removing Unused input sections from the image.

    Removing queue.o(.text), (1098 bytes).

1 unused section(s) (total 1098 bytes) removed from the image.

==============================================================================

Image Symbol Table

    Local Symbols

    Symbol Name                              Value     Ov Type        Size  Object(Section)

    RESET                                    0x00000000   Section      192  startup_mps_cm3.o(RESET)
    ../clib/microlib/division.c              0x00000000   Number         0  uldiv.o ABSOLUTE
    ../clib/microlib/division.c              0x00000000   Number         0  uidiv.o ABSOLUTE
    ../clib/microlib/init/entry.s            0x00000000   Number         0  entry7b.o ABSOLUTE
    ../clib/microlib/init/entry.s            0x00000000   Number         0  entry7a.o ABSOLUTE
    ../clib/microlib/init/entry.s            0x00000000   Number         0  entry5.o ABSOLUTE
    ../clib/microlib/init/entry.s            0x00000000   Number         0  entry2.o ABSOLUTE
    ../clib/microlib/init/entry.s            0x00000000   Number         0  entry11b.o ABSOLUTE
    ../clib/microlib/init/entry.s            0x00000000   Number         0  entry.o ABSOLUTE
    ../clib/microlib/init/entry.s            0x00000000   Number         0  entry11a.o ABSOLUTE
    ../clib/microlib/init/entry.s            0x00000000   Number         0  entry10b.o ABSOLUTE
    ../clib/microlib/init/entry.s            0x00000000   Number         0  entry10a.o ABSOLUTE
    ../clib/microlib/init/entry.s            0x00000000   Number         0  entry9b.o ABSOLUTE
    ../clib/microlib/init/entry.s            0x00000000   Number         0  entry9a.o ABSOLUTE
    ../clib/microlib/init/entry.s            0x00000000   Number         0  entry8b.o ABSOLUTE
    ../clib/microlib/init/entry.s            0x00000000   Number         0  entry8a.o ABSOLUTE
    ../clib/microlib/longlong.c              0x00000000   Number         0  llsshr.o ABSOLUTE
    ../clib/microlib/longlong.c              0x00000000   Number         0  llshl.o ABSOLUTE
    ../clib/microlib/longlong.c              0x00000000   Number         0  llushr.o ABSOLUTE
    ../clib/microlib/malloc/malloc.c         0x00000000   Number         0  malloca.o ABSOLUTE
    ../clib/microlib/malloc/malloc.c         0x00000000   Number         0  mallocr.o ABSOLUTE
    ../clib/microlib/malloc/malloc.c         0x00000000   Number         0  malloc.o ABSOLUTE
    ../clib/microlib/malloc/malloc.c         0x00000000   Number         0  mallocra.o ABSOLUTE
    ../clib/microlib/malloc/mvars.c          0x00000000   Number         0  mvars.o ABSOLUTE
    ../clib/microlib/printf/printf.c         0x00000000   Number         0  printf1.o ABSOLUTE
    ../clib/microlib/printf/printf.c         0x00000000   Number         0  printf2.o ABSOLUTE
    ../clib/microlib/printf/printf.c         0x00000000   Number         0  printf3.o ABSOLUTE
    ../clib/microlib/printf/printf.c         0x00000000   Number         0  printf4.o ABSOLUTE
    ../clib/microlib/printf/printf.c         0x00000000   Number         0  printf5.o ABSOLUTE
    ../clib/microlib/printf/printf.c         0x00000000   Number         0  printf6.o ABSOLUTE
    ../clib/microlib/printf/printf.c         0x00000000   Number         0  printf7.o ABSOLUTE
    ../clib/microlib/printf/printf.c         0x00000000   Number         0  printf8.o ABSOLUTE
    ../clib/microlib/printf/printf.c         0x00000000   Number         0  printfa.o ABSOLUTE
    ../clib/microlib/printf/printf.c         0x00000000   Number         0  printfb.o ABSOLUTE
    ../clib/microlib/printf/printf.c         0x00000000   Number         0  printf0.o ABSOLUTE
    ../clib/microlib/printf/stubs.s          0x00000000   Number         0  stubs.o ABSOLUTE
    ../clib/microlib/stdio/streams.c         0x00000000   Number         0  stdout.o ABSOLUTE
    ../clib/microlib/stdlib/qsort.c          0x00000000   Number         0  qsort.o ABSOLUTE
    ../clib/microlib/stdlib/rand.c           0x00000000   Number         0  rand.o ABSOLUTE
    ../clib/microlib/string/memcpy.c         0x00000000   Number         0  memcpya.o ABSOLUTE
    ../clib/microlib/string/memcpy.c         0x00000000   Number         0  memcpyb.o ABSOLUTE
    ../clib/microlib/string/memset.c         0x00000000   Number         0  memseta.o ABSOLUTE
    ../clib/microlib/string/strncpy.c        0x00000000   Number         0  strncpy.o ABSOLUTE
    ../clib/microlib/stubs.s                 0x00000000   Number         0  iusefp.o ABSOLUTE
    ../fplib/microlib/fpadd.c                0x00000000   Number         0  dadd.o ABSOLUTE
    ../fplib/microlib/fpdiv.c                0x00000000   Number         0  ddiv.o ABSOLUTE
    ../fplib/microlib/fpepilogue.c           0x00000000   Number         0  depilogue.o ABSOLUTE
    ../fplib/microlib/fpfix.c                0x00000000   Number         0  dfixul.o ABSOLUTE
    ../fplib/microlib/fpfix.c                0x00000000   Number         0  dfixi.o ABSOLUTE
    ../fplib/microlib/fpflt.c                0x00000000   Number         0  dflti.o ABSOLUTE
    ../fplib/microlib/fpmul.c                0x00000000   Number         0  dmul.o ABSOLUTE
    cdcmple.s                                0x00000000   Number         0  cdcmple.o ABSOLUTE
    cdrcmple.s                               0x00000000   Number         0  cdrcmple.o ABSOLUTE
    dc.s                                     0x00000000   Number         0  dc.o ABSOLUTE
    demo_code\basic_io.c                     0x00000000   Number         0  basic_io.o ABSOLUTE
    handlers.s                               0x00000000   Number         0  handlers.o ABSOLUTE
    init.s                                   0x00000000   Number         0  init.o ABSOLUTE
    list.c                                   0x00000000   Number         0  list.o ABSOLUTE
    main.c                                   0x00000000   Number         0  main.o ABSOLUTE
    portable\MemMang\heap_2.c                0x00000000   Number         0  heap_2.o ABSOLUTE
    portable\RVDS\ARM_CM3\port.c             0x00000000   Number         0  port.o ABSOLUTE
    portable\\RVDS\\ARM_CM3\\port.c          0x00000000   Number         0  port.o ABSOLUTE
    queue.c                                  0x00000000   Number         0  queue.o ABSOLUTE
    startup_MPS_CM3.s                        0x00000000   Number         0  startup_mps_cm3.o ABSOLUTE
    tasks.c                                  0x00000000   Number         0  tasks.o ABSOLUTE
    .ARM.Collect$$$$00000000                 0x000000c0   Section        0  entry.o(.ARM.Collect$$$$00000000)
    .ARM.Collect$$$$00000001                 0x000000c0   Section        4  entry2.o(.ARM.Collect$$$$00000001)
    .ARM.Collect$$$$00000004                 0x000000c4   Section        4  entry5.o(.ARM.Collect$$$$00000004)
    .ARM.Collect$$$$00000008                 0x000000c8   Section        0  entry7b.o(.ARM.Collect$$$$00000008)
    .ARM.Collect$$$$0000000A                 0x000000c8   Section        0  entry8b.o(.ARM.Collect$$$$0000000A)
    .ARM.Collect$$$$0000000B                 0x000000c8   Section        8  entry9a.o(.ARM.Collect$$$$0000000B)
    .ARM.Collect$$$$0000000D                 0x000000d0   Section        0  entry10a.o(.ARM.Collect$$$$0000000D)
    .ARM.Collect$$$$0000000F                 0x000000d0   Section        0  entry11a.o(.ARM.Collect$$$$0000000F)
    .ARM.Collect$$$$00002712                 0x000000d0   Section        4  entry2.o(.ARM.Collect$$$$00002712)
    __lit__00000000                          0x000000d0   Data           4  entry2.o(.ARM.Collect$$$$00002712)
    .emb_text                                0x000000d4   Section      136  port.o(.emb_text)
    .text                                    0x0000015c   Section        0  port.o(.text)
    prvSetupTimerInterrupt                   0x00000177   Thumb Code    16  port.o(.text)
    .text                                    0x0000020c   Section        0  list.o(.text)
    .text                                    0x000002a0   Section        0  tasks.o(.text)
    prvInitialiseTaskLists                   0x000002a1   Thumb Code    70  tasks.o(.text)
    prvInitialiseTCBVariables                0x000002e7   Thumb Code    68  tasks.o(.text)
    prvAllocateTCBAndStack                   0x0000032b   Thumb Code    58  tasks.o(.text)
    prvDeleteTCB                             0x0000093b   Thumb Code    18  tasks.o(.text)
    prvCheckTasksWaitingTermination          0x0000094d   Thumb Code    94  tasks.o(.text)
    prvIdleTask                              0x000009ab   Thumb Code     8  tasks.o(.text)
    .text                                    0x00000ba8   Section        0  heap_2.o(.text)
    .text                                    0x00000cc0   Section        0  main.o(.text)
    myCompare                                0x00000cc1   Thumb Code    40  main.o(.text)
    .text                                    0x000012e4   Section        0  basic_io.o(.text)
    .text                                    0x0000133c   Section       28  startup_mps_cm3.o(.text)
    .text                                    0x00001358   Section        0  qsort.o(.text)
    .text                                    0x000013f4   Section        0  rand.o(.text)
    .text                                    0x00001418   Section        0  memcpya.o(.text)
    .text                                    0x0000143c   Section        0  memseta.o(.text)
    .text                                    0x00001460   Section        0  strncpy.o(.text)
    .text                                    0x00001478   Section        0  dadd.o(.text)
    .text                                    0x000015c6   Section        0  ddiv.o(.text)
    .text                                    0x000016a4   Section        0  dflti.o(.text)
    .text                                    0x000016c6   Section        0  dfixi.o(.text)
    .text                                    0x00001704   Section       40  cdcmple.o(.text)
    .text                                    0x0000172c   Section       40  cdrcmple.o(.text)
    .text                                    0x00001754   Section        0  uidiv.o(.text)
    .text                                    0x00001780   Section        0  uldiv.o(.text)
    .text                                    0x000017e2   Section        0  llshl.o(.text)
    .text                                    0x00001800   Section        0  llushr.o(.text)
    .text                                    0x00001820   Section        0  llsshr.o(.text)
    .text                                    0x00001844   Section        0  depilogue.o(.text)
    .text                                    0x00001844   Section        0  iusefp.o(.text)
    .text                                    0x00001902   Section        0  dmul.o(.text)
    .text                                    0x000019e6   Section        0  dfixul.o(.text)
    .text                                    0x00001a18   Section       36  init.o(.text)
    i.__0printf                              0x00001a3c   Section        0  printfa.o(i.__0printf)
    i.__scatterload_copy                     0x00001a5c   Section       14  handlers.o(i.__scatterload_copy)
    i.__scatterload_null                     0x00001a6a   Section        2  handlers.o(i.__scatterload_null)
    i.__scatterload_zeroinit                 0x00001a6c   Section       14  handlers.o(i.__scatterload_zeroinit)
    i._fp_digits                             0x00001a7c   Section        0  printfa.o(i._fp_digits)
    _fp_digits                               0x00001a7d   Thumb Code   326  printfa.o(i._fp_digits)
    i._printf_core                           0x00001bd8   Section        0  printfa.o(i._printf_core)
    _printf_core                             0x00001bd9   Thumb Code  1762  printfa.o(i._printf_core)
    i._printf_post_padding                   0x000022c8   Section        0  printfa.o(i._printf_post_padding)
    _printf_post_padding                     0x000022c9   Thumb Code    38  printfa.o(i._printf_post_padding)
    i._printf_pre_padding                    0x000022ee   Section        0  printfa.o(i._printf_pre_padding)
    _printf_pre_padding                      0x000022ef   Thumb Code    48  printfa.o(i._printf_pre_padding)
    i.free                                   0x00002320   Section        0  malloc.o(i.free)
    i.malloc                                 0x00002370   Section        0  malloc.o(i.malloc)
    .constdata                               0x000023e0   Section       40  main.o(.constdata)
    .conststring                             0x00002408   Section       38  main.o(.conststring)
    .data                                    0x20000000   Section        4  port.o(.data)
    uxCriticalNesting                        0x20000000   Data           4  port.o(.data)
    .data                                    0x20000004   Section       56  tasks.o(.data)
    uxTasksDeleted                           0x20000008   Data           4  tasks.o(.data)
    uxCurrentNumberOfTasks                   0x2000000c   Data           4  tasks.o(.data)
    xTickCount                               0x20000010   Data           4  tasks.o(.data)
    uxTopUsedPriority                        0x20000014   Data           4  tasks.o(.data)
    uxTopReadyPriority                       0x20000018   Data           4  tasks.o(.data)
    xSchedulerRunning                        0x2000001c   Data           4  tasks.o(.data)
    uxSchedulerSuspended                     0x20000020   Data           4  tasks.o(.data)
    uxMissedTicks                            0x20000024   Data           4  tasks.o(.data)
    xMissedYield                             0x20000028   Data           4  tasks.o(.data)
    xNumOfOverflows                          0x2000002c   Data           4  tasks.o(.data)
    uxTaskNumber                             0x20000030   Data           4  tasks.o(.data)
    pxDelayedTaskList                        0x20000034   Data           4  tasks.o(.data)
    pxOverflowDelayedTaskList                0x20000038   Data           4  tasks.o(.data)
    .data                                    0x2000003c   Section       24  heap_2.o(.data)
    xFreeBytesRemaining                      0x2000003c   Data           4  heap_2.o(.data)
    xHeapHasBeenInitialised                  0x20000040   Data           4  heap_2.o(.data)
    xStart                                   0x20000044   Data           8  heap_2.o(.data)
    xEnd                                     0x2000004c   Data           8  heap_2.o(.data)
    .data                                    0x20000054   Section       32  main.o(.data)
    .data                                    0x20000074   Section        4  rand.o(.data)
    _rand_state                              0x20000074   Data           4  rand.o(.data)
    .data                                    0x20000078   Section        4  stdout.o(.data)
    .data                                    0x2000007c   Section        4  mvars.o(.data)
    .data                                    0x20000080   Section        4  mvars.o(.data)
    .bss                                     0x20000084   Section      300  tasks.o(.bss)
    pxReadyTasksLists                        0x20000084   Data         200  tasks.o(.bss)
    xDelayedTaskList1                        0x2000014c   Data          20  tasks.o(.bss)
    xDelayedTaskList2                        0x20000160   Data          20  tasks.o(.bss)
    xPendingReadyList                        0x20000174   Data          20  tasks.o(.bss)
    xTasksWaitingTermination                 0x20000188   Data          20  tasks.o(.bss)
    xSuspendedTaskList                       0x2000019c   Data          20  tasks.o(.bss)
    .bss                                     0x200001b0   Section     4096  heap_2.o(.bss)
    xHeap                                    0x200001b0   Data        4096  heap_2.o(.bss)
    HEAP                                     0x200011b0   Section     1024  startup_mps_cm3.o(HEAP)
    STACK                                    0x200015b0   Section      512  startup_mps_cm3.o(STACK)

    Global Symbols

    Symbol Name                              Value     Ov Type        Size  Object(Section)

    BuildAttributes$$THM_ISAv4$P$D$K$B$S$PE$A:L22UL41UL21$X:L11$S22US41US21$IEEE1$IW$USESV6$~STKCKD$USESV7$~SHL$OSPACE$ROPI$EBA8$MICROLIB$REQ8$PRES8$EABIv2 0x00000000   Number         0  anon$$obj.o ABSOLUTE
    __ARM_use_no_argv                        0x00000000   Number         0  main.o ABSOLUTE
    __Vectors                                0x00000000   Data           4  startup_mps_cm3.o(RESET)
    _printf_a                                0x00000000   Number         0  stubs.o ABSOLUTE
    _printf_c                                0x00000000   Number         0  stubs.o ABSOLUTE
    _printf_charcount                        0x00000000   Number         0  stubs.o ABSOLUTE
    _printf_d                                0x00000000   Number         0  stubs.o ABSOLUTE
    _printf_e                                0x00000000   Number         0  stubs.o ABSOLUTE
    _printf_f                                0x00000000   Number         0  stubs.o ABSOLUTE
    _printf_flags                            0x00000000   Number         0  stubs.o ABSOLUTE
    _printf_fp_dec                           0x00000000   Number         0  stubs.o ABSOLUTE
    _printf_fp_hex                           0x00000000   Number         0  stubs.o ABSOLUTE
    _printf_g                                0x00000000   Number         0  stubs.o ABSOLUTE
    _printf_i                                0x00000000   Number         0  stubs.o ABSOLUTE
    _printf_int_dec                          0x00000000   Number         0  stubs.o ABSOLUTE
    _printf_l                                0x00000000   Number         0  stubs.o ABSOLUTE
    _printf_lc                               0x00000000   Number         0  stubs.o ABSOLUTE
    _printf_ll                               0x00000000   Number         0  stubs.o ABSOLUTE
    _printf_lld                              0x00000000   Number         0  stubs.o ABSOLUTE
    _printf_lli                              0x00000000   Number         0  stubs.o ABSOLUTE
    _printf_llo                              0x00000000   Number         0  stubs.o ABSOLUTE
    _printf_llu                              0x00000000   Number         0  stubs.o ABSOLUTE
    _printf_llx                              0x00000000   Number         0  stubs.o ABSOLUTE
    _printf_longlong_dec                     0x00000000   Number         0  stubs.o ABSOLUTE
    _printf_longlong_hex                     0x00000000   Number         0  stubs.o ABSOLUTE
    _printf_longlong_oct                     0x00000000   Number         0  stubs.o ABSOLUTE
    _printf_ls                               0x00000000   Number         0  stubs.o ABSOLUTE
    _printf_mbtowc                           0x00000000   Number         0  stubs.o ABSOLUTE
    _printf_n                                0x00000000   Number         0  stubs.o ABSOLUTE
    _printf_o                                0x00000000   Number         0  stubs.o ABSOLUTE
    _printf_p                                0x00000000   Number         0  stubs.o ABSOLUTE
    _printf_percent                          0x00000000   Number         0  stubs.o ABSOLUTE
    _printf_pre_padding                      0x00000000   Number         0  stubs.o ABSOLUTE
    _printf_return_value                     0x00000000   Number         0  stubs.o ABSOLUTE
    _printf_s                                0x00000000   Number         0  stubs.o ABSOLUTE
    _printf_sizespec                         0x00000000   Number         0  stubs.o ABSOLUTE
    _printf_str                              0x00000000   Number         0  stubs.o ABSOLUTE
    _printf_truncate_signed                  0x00000000   Number         0  stubs.o ABSOLUTE
    _printf_truncate_unsigned                0x00000000   Number         0  stubs.o ABSOLUTE
    _printf_u                                0x00000000   Number         0  stubs.o ABSOLUTE
    _printf_wc                               0x00000000   Number         0  stubs.o ABSOLUTE
    _printf_wctomb                           0x00000000   Number         0  stubs.o ABSOLUTE
    _printf_widthprec                        0x00000000   Number         0  stubs.o ABSOLUTE
    _printf_x                                0x00000000   Number         0  stubs.o ABSOLUTE
    __cpp_initialize__aeabi_                  - Undefined Weak Reference
    __cxa_finalize                            - Undefined Weak Reference
    __decompress                              - Undefined Weak Reference
    _clock_init                               - Undefined Weak Reference
    _microlib_exit                            - Undefined Weak Reference
    __main                                   0x000000c1   Thumb Code     0  entry.o(.ARM.Collect$$$$00000000)
    _main_stk                                0x000000c1   Thumb Code     0  entry2.o(.ARM.Collect$$$$00000001)
    _main_scatterload                        0x000000c5   Thumb Code     0  entry5.o(.ARM.Collect$$$$00000004)
    __main_after_scatterload                 0x000000c9   Thumb Code     0  entry5.o(.ARM.Collect$$$$00000004)
    _main_clock                              0x000000c9   Thumb Code     0  entry7b.o(.ARM.Collect$$$$00000008)
    _main_cpp_init                           0x000000c9   Thumb Code     0  entry8b.o(.ARM.Collect$$$$0000000A)
    _main_init                               0x000000c9   Thumb Code     0  entry9a.o(.ARM.Collect$$$$0000000B)
    __rt_final_cpp                           0x000000d1   Thumb Code     0  entry10a.o(.ARM.Collect$$$$0000000D)
    __rt_final_exit                          0x000000d1   Thumb Code     0  entry11a.o(.ARM.Collect$$$$0000000F)
    vPortSVCHandler                          0x000000d5   Thumb Code    28  port.o(.emb_text)
    vPortStartFirstTask                      0x000000f5   Thumb Code    12  port.o(.emb_text)
    xPortPendSVHandler                       0x00000105   Thumb Code    56  port.o(.emb_text)
    vPortSetInterruptMask                    0x00000141   Thumb Code    14  port.o(.emb_text)
    vPortClearInterruptMask                  0x0000014f   Thumb Code    14  port.o(.emb_text)
    pxPortInitialiseStack                    0x0000015d   Thumb Code    26  port.o(.text)
    xPortStartScheduler                      0x00000187   Thumb Code    42  port.o(.text)
    vPortEndScheduler                        0x000001b1   Thumb Code     2  port.o(.text)
    vPortYieldFromISR                        0x000001b3   Thumb Code    12  port.o(.text)
    vPortEnterCritical                       0x000001bf   Thumb Code    18  port.o(.text)
    vPortExitCritical                        0x000001d1   Thumb Code    24  port.o(.text)
    xPortSysTickHandler                      0x000001e9   Thumb Code    28  port.o(.text)
    vListInitialise                          0x0000020d   Thumb Code    26  list.o(.text)
    vListInitialiseItem                      0x00000227   Thumb Code     6  list.o(.text)
    vListInsertEnd                           0x0000022d   Thumb Code    28  list.o(.text)
    vListInsert                              0x00000249   Thumb Code    52  list.o(.text)
    vListRemove                              0x0000027d   Thumb Code    36  list.o(.text)
    xTaskGenericCreate                       0x00000365   Thumb Code   240  tasks.o(.text)
    vTaskDelete                              0x00000455   Thumb Code    94  tasks.o(.text)
    vTaskIncrementTick                       0x000004b3   Thumb Code   174  tasks.o(.text)
    xTaskResumeAll                           0x00000561   Thumb Code   186  tasks.o(.text)
    vTaskSuspendAll                          0x0000061b   Thumb Code    12  tasks.o(.text)
    vTaskDelay                               0x00000627   Thumb Code    86  tasks.o(.text)
    uxTaskPriorityGet                        0x0000067d   Thumb Code   112  tasks.o(.text)
    vTaskPrioritySet                         0x000006ed   Thumb Code   150  tasks.o(.text)
    vTaskSwitchContext                       0x00000783   Thumb Code    92  tasks.o(.text)
    vTaskSuspend                             0x000007df   Thumb Code    96  tasks.o(.text)
    xTaskIsTaskSuspended                     0x0000083f   Thumb Code    60  tasks.o(.text)
    vTaskResume                              0x0000087b   Thumb Code    92  tasks.o(.text)
    xTaskResumeFromISR                       0x000008d7   Thumb Code   100  tasks.o(.text)
    vTaskStartScheduler                      0x000009b3   Thumb Code    52  tasks.o(.text)
    vTaskEndScheduler                        0x000009e7   Thumb Code    18  tasks.o(.text)
    xTaskGetTickCount                        0x000009f9   Thumb Code    18  tasks.o(.text)
    xTaskGetTickCountFromISR                 0x00000a0b   Thumb Code     6  tasks.o(.text)
    uxTaskGetNumberOfTasks                   0x00000a11   Thumb Code     6  tasks.o(.text)
    vTaskPlaceOnEventList                    0x00000a17   Thumb Code    98  tasks.o(.text)
    xTaskRemoveFromEventList                 0x00000a79   Thumb Code   176  tasks.o(.text)
    vTaskSetTimeOutState                     0x00000b29   Thumb Code    14  tasks.o(.text)
    xTaskCheckForTimeOut                     0x00000b37   Thumb Code    92  tasks.o(.text)
    vTaskMissedYield                         0x00000b93   Thumb Code     8  tasks.o(.text)
    pvPortMalloc                             0x00000ba9   Thumb Code   194  heap_2.o(.text)
    vPortFree                                0x00000c6b   Thumb Code    56  heap_2.o(.text)
    xPortGetFreeHeapSize                     0x00000ca3   Thumb Code     6  heap_2.o(.text)
    vPortInitialiseBlocks                    0x00000ca9   Thumb Code     2  heap_2.o(.text)
    sortAndPrioritize                        0x00000ce9   Thumb Code   122  main.o(.text)
    computeUtilization                       0x00000d63   Thumb Code   128  main.o(.text)
    printTasks                               0x00000de3   Thumb Code   106  main.o(.text)
    admitTask                                0x00000e4d   Thumb Code   220  main.o(.text)
    deleteTask                               0x00000f29   Thumb Code   154  main.o(.text)
    vTaskFunction                            0x00000fc3   Thumb Code    34  main.o(.text)
    taskScheduler                            0x00000fe5   Thumb Code   468  main.o(.text)
    main                                     0x000011b9   Thumb Code   210  main.o(.text)
    vApplicationTickHook                     0x0000128b   Thumb Code    34  main.o(.text)
    vPrintString                             0x000012e5   Thumb Code    20  basic_io.o(.text)
    vPrintStringAndNumber                    0x000012f9   Thumb Code    26  basic_io.o(.text)
    fputc                                    0x00001313   Thumb Code    30  basic_io.o(.text)
    Reset_Handler                            0x0000133d   Thumb Code     4  startup_mps_cm3.o(.text)
    NMI_Handler                              0x00001341   Thumb Code     2  startup_mps_cm3.o(.text)
    HardFault_Handler                        0x00001343   Thumb Code     2  startup_mps_cm3.o(.text)
    MemManage_Handler                        0x00001345   Thumb Code     2  startup_mps_cm3.o(.text)
    BusFault_Handler                         0x00001347   Thumb Code     2  startup_mps_cm3.o(.text)
    UsageFault_Handler                       0x00001349   Thumb Code     2  startup_mps_cm3.o(.text)
    SVC_Handler                              0x0000134b   Thumb Code     2  startup_mps_cm3.o(.text)
    DebugMon_Handler                         0x0000134d   Thumb Code     2  startup_mps_cm3.o(.text)
    PendSV_Handler                           0x0000134f   Thumb Code     2  startup_mps_cm3.o(.text)
    SysTick_Handler                          0x00001351   Thumb Code     2  startup_mps_cm3.o(.text)
    AACI_IRQHandler                          0x00001353   Thumb Code     0  startup_mps_cm3.o(.text)
    CAN_IRQHandler                           0x00001353   Thumb Code     0  startup_mps_cm3.o(.text)
    CHLCD_IRQHandler                         0x00001353   Thumb Code     0  startup_mps_cm3.o(.text)
    CLCD_IRQHandler                          0x00001353   Thumb Code     0  startup_mps_cm3.o(.text)
    CPU_CLCD_IRQHandler                      0x00001353   Thumb Code     0  startup_mps_cm3.o(.text)
    ENET_IRQHandler                          0x00001353   Thumb Code     0  startup_mps_cm3.o(.text)
    FLEXRAY_IRQHandler                       0x00001353   Thumb Code     0  startup_mps_cm3.o(.text)
    I2C_IRQHandler                           0x00001353   Thumb Code     0  startup_mps_cm3.o(.text)
    LIN_IRQHandler                           0x00001353   Thumb Code     0  startup_mps_cm3.o(.text)
    MCIA_IRQHandler                          0x00001353   Thumb Code     0  startup_mps_cm3.o(.text)
    MCIB_IRQHandler                          0x00001353   Thumb Code     0  startup_mps_cm3.o(.text)
    RTC_IRQHandler                           0x00001353   Thumb Code     0  startup_mps_cm3.o(.text)
    SPI_IRQHandler                           0x00001353   Thumb Code     0  startup_mps_cm3.o(.text)
    TIM0_IRQHandler                          0x00001353   Thumb Code     0  startup_mps_cm3.o(.text)
    TIM2_IRQHandler                          0x00001353   Thumb Code     0  startup_mps_cm3.o(.text)
    UART0_IRQHandler                         0x00001353   Thumb Code     0  startup_mps_cm3.o(.text)
    UART1_IRQHandler                         0x00001353   Thumb Code     0  startup_mps_cm3.o(.text)
    UART2_IRQHandler                         0x00001353   Thumb Code     0  startup_mps_cm3.o(.text)
    UART3_IRQHandler                         0x00001353   Thumb Code     0  startup_mps_cm3.o(.text)
    UART4_IRQHandler                         0x00001353   Thumb Code     0  startup_mps_cm3.o(.text)
    USBDC_IRQHandler                         0x00001353   Thumb Code     0  startup_mps_cm3.o(.text)
    USBHC_IRQHandler                         0x00001353   Thumb Code     0  startup_mps_cm3.o(.text)
    WDT_IRQHandler                           0x00001353   Thumb Code     0  startup_mps_cm3.o(.text)
    qsort                                    0x00001359   Thumb Code   156  qsort.o(.text)
    rand                                     0x000013f5   Thumb Code    20  rand.o(.text)
    srand                                    0x00001409   Thumb Code     6  rand.o(.text)
    __aeabi_memcpy                           0x00001419   Thumb Code    36  memcpya.o(.text)
    __aeabi_memcpy4                          0x00001419   Thumb Code     0  memcpya.o(.text)
    __aeabi_memcpy8                          0x00001419   Thumb Code     0  memcpya.o(.text)
    __aeabi_memset                           0x0000143d   Thumb Code    14  memseta.o(.text)
    __aeabi_memset4                          0x0000143d   Thumb Code     0  memseta.o(.text)
    __aeabi_memset8                          0x0000143d   Thumb Code     0  memseta.o(.text)
    __aeabi_memclr                           0x0000144b   Thumb Code     4  memseta.o(.text)
    __aeabi_memclr4                          0x0000144b   Thumb Code     0  memseta.o(.text)
    __aeabi_memclr8                          0x0000144b   Thumb Code     0  memseta.o(.text)
    _memset$wrapper                          0x0000144f   Thumb Code    18  memseta.o(.text)
    strncpy                                  0x00001461   Thumb Code    24  strncpy.o(.text)
    __aeabi_dadd                             0x00001479   Thumb Code   322  dadd.o(.text)
    __aeabi_dsub                             0x000015bb   Thumb Code     6  dadd.o(.text)
    __aeabi_drsub                            0x000015c1   Thumb Code     6  dadd.o(.text)
    __aeabi_ddiv                             0x000015c7   Thumb Code   222  ddiv.o(.text)
    __aeabi_i2d                              0x000016a5   Thumb Code    34  dflti.o(.text)
    __aeabi_d2iz                             0x000016c7   Thumb Code    62  dfixi.o(.text)
    __aeabi_cdcmpeq                          0x00001705   Thumb Code     0  cdcmple.o(.text)
    __aeabi_cdcmple                          0x00001705   Thumb Code    38  cdcmple.o(.text)
    __aeabi_cdrcmple                         0x0000172d   Thumb Code    38  cdrcmple.o(.text)
    __aeabi_uidiv                            0x00001755   Thumb Code     0  uidiv.o(.text)
    __aeabi_uidivmod                         0x00001755   Thumb Code    44  uidiv.o(.text)
    __aeabi_uldivmod                         0x00001781   Thumb Code    98  uldiv.o(.text)
    __aeabi_llsl                             0x000017e3   Thumb Code    30  llshl.o(.text)
    _ll_shift_l                              0x000017e3   Thumb Code     0  llshl.o(.text)
    __aeabi_llsr                             0x00001801   Thumb Code    32  llushr.o(.text)
    _ll_ushift_r                             0x00001801   Thumb Code     0  llushr.o(.text)
    __aeabi_lasr                             0x00001821   Thumb Code    36  llsshr.o(.text)
    _ll_sshift_r                             0x00001821   Thumb Code     0  llsshr.o(.text)
    __I$use$fp                               0x00001845   Thumb Code     0  iusefp.o(.text)
    _double_round                            0x00001845   Thumb Code    26  depilogue.o(.text)
    _double_epilogue                         0x0000185f   Thumb Code   164  depilogue.o(.text)
    __aeabi_dmul                             0x00001903   Thumb Code   228  dmul.o(.text)
    __aeabi_d2ulz                            0x000019e7   Thumb Code    48  dfixul.o(.text)
    __scatterload                            0x00001a19   Thumb Code    28  init.o(.text)
    __scatterload_rt2                        0x00001a19   Thumb Code     0  init.o(.text)
    __0printf                                0x00001a3d   Thumb Code    22  printfa.o(i.__0printf)
    __1printf                                0x00001a3d   Thumb Code     0  printfa.o(i.__0printf)
    __2printf                                0x00001a3d   Thumb Code     0  printfa.o(i.__0printf)
    __c89printf                              0x00001a3d   Thumb Code     0  printfa.o(i.__0printf)
    printf                                   0x00001a3d   Thumb Code     0  printfa.o(i.__0printf)
    __scatterload_copy                       0x00001a5d   Thumb Code    14  handlers.o(i.__scatterload_copy)
    __scatterload_null                       0x00001a6b   Thumb Code     2  handlers.o(i.__scatterload_null)
    __scatterload_zeroinit                   0x00001a6d   Thumb Code    14  handlers.o(i.__scatterload_zeroinit)
    free                                     0x00002321   Thumb Code    76  malloc.o(i.free)
    malloc                                   0x00002371   Thumb Code    92  malloc.o(i.malloc)
    Region$$Table$$Base                      0x00002430   Number         0  anon$$obj.o(Region$$Table)
    Region$$Table$$Limit                     0x00002450   Number         0  anon$$obj.o(Region$$Table)
    pxCurrentTCB                             0x20000004   Data           4  tasks.o(.data)
    pcTextForTask1                           0x20000054   Data           4  main.o(.data)
    pcTextForTask2                           0x20000058   Data           4  main.o(.data)
    n                                        0x2000005c   Data           4  main.o(.data)
    currTasks                                0x20000060   Data           4  main.o(.data)
    maxTime                                  0x20000064   Data           4  main.o(.data)
    time                                     0x20000068   Data           4  main.o(.data)
    arrayOfTasks                             0x2000006c   Data           4  main.o(.data)
    schedulerHandle                          0x20000070   Data           4  main.o(.data)
    __stdout                                 0x20000078   Data           4  stdout.o(.data)
    __microlib_freelist                      0x2000007c   Data           4  mvars.o(.data)
    __microlib_freelist_initialised          0x20000080   Data           4  mvars.o(.data)
    __heap_base                              0x200011b0   Data           0  startup_mps_cm3.o(HEAP)
    __heap_limit                             0x200015b0   Data           0  startup_mps_cm3.o(HEAP)
    __initial_sp                             0x200017b0   Data           0  startup_mps_cm3.o(STACK)



==============================================================================

Memory Map of the image

  Image Entry point : 0x000000c1

  Load Region LR_IROM1 (Base: 0x00000000, Size: 0x000024d4, Max: 0x00040000, ABSOLUTE)

    Execution Region ER_IROM1 (Base: 0x00000000, Size: 0x00002450, Max: 0x00040000, ABSOLUTE)

    Base Addr    Size         Type   Attr      Idx    E Section Name        Object

    0x00000000   0x000000c0   Data   RO          173    RESET               startup_mps_cm3.o
    0x000000c0   0x00000000   Code   RO          178  * .ARM.Collect$$$$00000000  mc_w.l(entry.o)
    0x000000c0   0x00000004   Code   RO          495    .ARM.Collect$$$$00000001  mc_w.l(entry2.o)
    0x000000c4   0x00000004   Code   RO          498    .ARM.Collect$$$$00000004  mc_w.l(entry5.o)
    0x000000c8   0x00000000   Code   RO          500    .ARM.Collect$$$$00000008  mc_w.l(entry7b.o)
    0x000000c8   0x00000000   Code   RO          502    .ARM.Collect$$$$0000000A  mc_w.l(entry8b.o)
    0x000000c8   0x00000008   Code   RO          503    .ARM.Collect$$$$0000000B  mc_w.l(entry9a.o)
    0x000000d0   0x00000000   Code   RO          505    .ARM.Collect$$$$0000000D  mc_w.l(entry10a.o)
    0x000000d0   0x00000000   Code   RO          507    .ARM.Collect$$$$0000000F  mc_w.l(entry11a.o)
    0x000000d0   0x00000004   Code   RO          496    .ARM.Collect$$$$00002712  mc_w.l(entry2.o)
    0x000000d4   0x00000088   Code   RO            1    .emb_text           port.o
    0x0000015c   0x000000b0   Code   RO            2    .text               port.o
    0x0000020c   0x00000094   Code   RO           49    .text               list.o
    0x000002a0   0x00000908   Code   RO           85    .text               tasks.o
    0x00000ba8   0x00000118   Code   RO          117    .text               heap_2.o
    0x00000cc0   0x00000624   Code   RO          132    .text               main.o
    0x000012e4   0x00000058   Code   RO          156    .text               basic_io.o
    0x0000133c   0x0000001c   Code   RO          174    .text               startup_mps_cm3.o
    0x00001358   0x0000009c   Code   RO          181    .text               mc_w.l(qsort.o)
    0x000013f4   0x00000024   Code   RO          183    .text               mc_w.l(rand.o)
    0x00001418   0x00000024   Code   RO          186    .text               mc_w.l(memcpya.o)
    0x0000143c   0x00000024   Code   RO          188    .text               mc_w.l(memseta.o)
    0x00001460   0x00000018   Code   RO          190    .text               mc_w.l(strncpy.o)
    0x00001478   0x0000014e   Code   RO          483    .text               mf_w.l(dadd.o)
    0x000015c6   0x000000de   Code   RO          485    .text               mf_w.l(ddiv.o)
    0x000016a4   0x00000022   Code   RO          487    .text               mf_w.l(dflti.o)
    0x000016c6   0x0000003e   Code   RO          489    .text               mf_w.l(dfixi.o)
    0x00001704   0x00000028   Code   RO          491    .text               mf_w.l(cdcmple.o)
    0x0000172c   0x00000028   Code   RO          493    .text               mf_w.l(cdrcmple.o)
    0x00001754   0x0000002c   Code   RO          510    .text               mc_w.l(uidiv.o)
    0x00001780   0x00000062   Code   RO          512    .text               mc_w.l(uldiv.o)
    0x000017e2   0x0000001e   Code   RO          514    .text               mc_w.l(llshl.o)
    0x00001800   0x00000020   Code   RO          516    .text               mc_w.l(llushr.o)
    0x00001820   0x00000024   Code   RO          518    .text               mc_w.l(llsshr.o)
    0x00001844   0x00000000   Code   RO          522    .text               mc_w.l(iusefp.o)
    0x00001844   0x000000be   Code   RO          523    .text               mf_w.l(depilogue.o)
    0x00001902   0x000000e4   Code   RO          525    .text               mf_w.l(dmul.o)
    0x000019e6   0x00000030   Code   RO          527    .text               mf_w.l(dfixul.o)
    0x00001a16   0x00000002   PAD
    0x00001a18   0x00000024   Code   RO          529    .text               mc_w.l(init.o)
    0x00001a3c   0x00000020   Code   RO          427    i.__0printf         mc_w.l(printfa.o)
    0x00001a5c   0x0000000e   Code   RO          533    i.__scatterload_copy  mc_w.l(handlers.o)
    0x00001a6a   0x00000002   Code   RO          534    i.__scatterload_null  mc_w.l(handlers.o)
    0x00001a6c   0x0000000e   Code   RO          535    i.__scatterload_zeroinit  mc_w.l(handlers.o)
    0x00001a7a   0x00000002   PAD
    0x00001a7c   0x0000015c   Code   RO          434    i._fp_digits        mc_w.l(printfa.o)
    0x00001bd8   0x000006f0   Code   RO          435    i._printf_core      mc_w.l(printfa.o)
    0x000022c8   0x00000026   Code   RO          436    i._printf_post_padding  mc_w.l(printfa.o)
    0x000022ee   0x00000030   Code   RO          437    i._printf_pre_padding  mc_w.l(printfa.o)
    0x0000231e   0x00000002   PAD
    0x00002320   0x00000050   Code   RO          455    i.free              mc_w.l(malloc.o)
    0x00002370   0x0000006c   Code   RO          456    i.malloc            mc_w.l(malloc.o)
    0x000023dc   0x00000004   PAD
    0x000023e0   0x00000028   Data   RO          133    .constdata          main.o
    0x00002408   0x00000026   Data   RO          134    .conststring        main.o
    0x0000242e   0x00000002   PAD
    0x00002430   0x00000020   Data   RO          531    Region$$Table       anon$$obj.o


    Execution Region RW_IRAM1 (Base: 0x20000000, Size: 0x000017b0, Max: 0x00040000, ABSOLUTE)

    Base Addr    Size         Type   Attr      Idx    E Section Name        Object

    0x20000000   0x00000004   Data   RW            3    .data               port.o
    0x20000004   0x00000038   Data   RW           87    .data               tasks.o
    0x2000003c   0x00000018   Data   RW          119    .data               heap_2.o
    0x20000054   0x00000020   Data   RW          135    .data               main.o
    0x20000074   0x00000004   Data   RW          184    .data               mc_w.l(rand.o)
    0x20000078   0x00000004   Data   RW          509    .data               mc_w.l(stdout.o)
    0x2000007c   0x00000004   Data   RW          520    .data               mc_w.l(mvars.o)
    0x20000080   0x00000004   Data   RW          521    .data               mc_w.l(mvars.o)
    0x20000084   0x0000012c   Zero   RW           86    .bss                tasks.o
    0x200001b0   0x00001000   Zero   RW          118    .bss                heap_2.o
    0x200011b0   0x00000400   Zero   RW          172    HEAP                startup_mps_cm3.o
    0x200015b0   0x00000200   Zero   RW          171    STACK               startup_mps_cm3.o


==============================================================================

Image component sizes


      Code (inc. data)   RO Data    RW Data    ZI Data      Debug   Object Name

        88         12          0          0          0        887   basic_io.o
       280         22          0         24       4096       3192   heap_2.o
       148          0          0          0          0       2897   list.o
      1572        248         78         32          0       3663   main.o
       312         20          0          4          0       8497   port.o
        28          4        192          0       1536        700   startup_mps_cm3.o
      2312        164          0         56        300      11686   tasks.o

    ----------------------------------------------------------------------
      4740        470        304        116       5932      31522   Object Totals
         0          0         32          0          0          0   (incl. Generated)
         0          0          2          0          0          0   (incl. Padding)

    ----------------------------------------------------------------------

      Code (inc. data)   RO Data    RW Data    ZI Data      Debug   Library Member Name

         0          0          0          0          0          0   entry.o
         0          0          0          0          0          0   entry10a.o
         0          0          0          0          0          0   entry11a.o
         8          4          0          0          0          0   entry2.o
         4          0          0          0          0          0   entry5.o
         0          0          0          0          0          0   entry7b.o
         0          0          0          0          0          0   entry8b.o
         8          4          0          0          0          0   entry9a.o
        30          0          0          0          0          0   handlers.o
        36          8          0          0          0         68   init.o
         0          0          0          0          0          0   iusefp.o
        30          0          0          0          0         68   llshl.o
        36          0          0          0          0         68   llsshr.o
        32          0          0          0          0         68   llushr.o
       188         20          0          0          0        160   malloc.o
        36          0          0          0          0         68   memcpya.o
        36          0          0          0          0        108   memseta.o
         0          0          0          8          0          0   mvars.o
      2242         90          0          0          0        444   printfa.o
       156          0          0          0          0         88   qsort.o
        36         10          0          4          0        136   rand.o
         0          0          0          4          0          0   stdout.o
        24          0          0          0          0         76   strncpy.o
        44          0          0          0          0         80   uidiv.o
        98          0          0          0          0         92   uldiv.o
        40          2          0          0          0         68   cdcmple.o
        40          2          0          0          0         68   cdrcmple.o
       334          0          0          0          0        148   dadd.o
       222          0          0          0          0        100   ddiv.o
       190          0          0          0          0        176   depilogue.o
        62          0          0          0          0         80   dfixi.o
        48          0          0          0          0         68   dfixul.o
        34          0          0          0          0         76   dflti.o
       228          0          0          0          0         96   dmul.o

    ----------------------------------------------------------------------
      4252        144          0         16          0       2404   Library Totals
        10          4          0          0          0          0   (incl. Padding)

    ----------------------------------------------------------------------

      Code (inc. data)   RO Data    RW Data    ZI Data      Debug   Library Name

      3044        136          0         16          0       1524   mc_w.l
      1198          4          0          0          0        880   mf_w.l

    ----------------------------------------------------------------------
      4252        144          0         16          0       2404   Library Totals

    ----------------------------------------------------------------------

==============================================================================


      Code (inc. data)   RO Data    RW Data    ZI Data      Debug   

      8992        614        304        132       5932      32002   Grand Totals
      8992        614        304        132       5932      32002   ELF Image Totals
      8992        614        304        132          0          0   ROM Totals

==============================================================================

    Total RO  Size (Code + RO Data)                 9296 (   9.08kB)
    Total RW  Size (RW Data + ZI Data)              6064 (   5.92kB)
    Total ROM Size (Code + RO Data + RW Data)       9428 (   9.21kB)

==============================================================================

