<html>
<body>
<pre>
<h1>µVision Build Log</h1>
<h2>Project:</h2>
D:\learning\rtos\RTOS-Task-Admittance\Proj2.uvproj
Project File Date:  05/14/2020

<h2>Output:</h2>
Rebuild target 'Source'
compiling port.c...
compiling list.c...
compiling queue.c...
compiling tasks.c...
compiling heap_2.c...
compiling main.c...
compiling basic_io.c...
assembling startup_MPS_CM3.s...
linking...
Program Size: Code=8992 RO-data=304 RW-data=132 ZI-data=5932  
".\Output\Proj2.axf" - 0 Error(s), 0 Warning(s).
sembling startup_MPS_CM3.s...
".\Output\Proj2.axf" - 1 Error(s), 0 Warning(s).
Target not created
..
assembling startup_MPS_CM3.s...
linking...
.\Output\Proj2.axf: Error: L6218E: Undefined symbol vTaskResumeAll (referred from main.o).
Not enough information to list image symbols.
Finished: 1 information, 0 warning and 1 error messages.
".\Output\Proj2.axf" - 1 Error(s), 2 Warning(s).
Target not created
D: the format string ends before this argument
                printf("id:%d, ari:  pri: %d, com: %lf, per: %lf \n", a_tasksArr[i].id,  a_tasksArr[i].arrival, a_tasksArr[i].priority, a_tasksArr[i].computation, a_tasksArr[i].period);
main.c: 3 warnings, 0 errors
compiling basic_io.c...
assembling startup_MPS_CM3.s...
linking...
Program Size: Code=8768 RO-data=304 RW-data=112 ZI-data=5832  
".\Output\Proj2.axf" - 0 Error(s), 3 Warning(s).
piling basic_io.c...
assembling startup_MPS_CM3.s...
".\Output\Proj2.axf" - 7 Error(s), 1 Warning(s).
Target not created
roj2.axf" - 8 Error(s), 1 Warning(s).
Target not created
rmation to list the image map.
Finished: 2 information, 0 warning and 10 error messages.
".\Output\Proj2.axf" - 10 Error(s), 0 Warning(s).
Target not created
